// Jest Snapshot v1, https://goo.gl/fbAQLP

exports[`Navbar Navbar Component should render 1`] = `
<nav
  className="navbar navbar-expand-lg navbar-dark bg-dark static-top"
>
  <div
    className="container"
  >
    <a
      className="navbar-brand"
      href="/"
    >
      <img
        alt=""
        src="wellbee.logo.png"
      />
    </a>
    <ul
      className="navbar-nav ml-auto"
    >
      <li
        className="nav-item active"
      >
        <a
          className="nav-link"
          href="/"
        >
          Home
          <span
            className="sr-only"
          >
            (current)
          </span>
        </a>
      </li>
      <li
        className="nav-item"
      >
        <a
          className="nav-link"
          href="/about"
        >
          About
        </a>
      </li>
      <li
        className="nav-item"
      >
        <a
          className="nav-link"
          href="/contact"
        >
          Contact Us
        </a>
      </li>
    </ul>
    <div
      className="collapse navbar-collapse"
      id="navbarResponsive"
    >
      <ul
        className="navbar-nav ml-auto"
      >
        <li
          className="nav-item"
        >
          <a
            className="nav-link"
            href="/login"
          >
            Login
          </a>
        </li>
        <li
          className="nav-item"
        >
          <a
            className="nav-link"
            href="/signup"
          >
            Signup
          </a>
        </li>
      </ul>
    </div>
  </div>
</nav>
`;
